// Jest Snapshot v1, https://goo.gl/fbAQLP

exports[`renders correctly 1`] = `
<View
  style={
    Object {
      "flex": 1,
    }
  }
>
  <RCTScrollView
    ListFooterComponent={[Function]}
    data={
      Array [
        Object {
          "_embedded": Object {
            "author": Array [
              Object {
                "_links": Object {
                  "collection": Array [
                    Object {
                      "href": "https://www.rebelgamer.de/wp-json/wp/v2/users",
                    },
                  ],
                  "self": Array [
                    Object {
                      "href": "https://www.rebelgamer.de/wp-json/wp/v2/users/6",
                    },
                  ],
                },
                "avatar_urls": Object {
                  "24": "https://secure.gravatar.com/avatar/49aa1505ab6fe29ed46bbd68b817548a?s=24&d=mm&r=g",
                  "48": "https://secure.gravatar.com/avatar/49aa1505ab6fe29ed46bbd68b817548a?s=48&d=mm&r=g",
                  "96": "https://secure.gravatar.com/avatar/49aa1505ab6fe29ed46bbd68b817548a?s=96&d=mm&r=g",
                },
                "description": "Wenn Du es machst, dann mach es cool!",
                "id": 6,
                "link": "https://www.rebelgamer.de/author/florian",
                "name": "Flo",
                "slug": "florian",
                "url": "http://www.rebelgamer.de/members/florian/",
              },
            ],
            "wp:featuredmedia": Array [
              Object {
                "_links": Object {
                  "about": Array [
                    Object {
                      "href": "https://www.rebelgamer.de/wp-json/wp/v2/types/attachment",
                    },
                  ],
                  "author": Array [
                    Object {
                      "embeddable": true,
                      "href": "https://www.rebelgamer.de/wp-json/wp/v2/users/111171",
                    },
                  ],
                  "collection": Array [
                    Object {
                      "href": "https://www.rebelgamer.de/wp-json/wp/v2/media",
                    },
                  ],
                  "replies": Array [
                    Object {
                      "embeddable": true,
                      "href": "https://www.rebelgamer.de/wp-json/wp/v2/comments?post=55265",
                    },
                  ],
                  "self": Array [
                    Object {
                      "href": "https://www.rebelgamer.de/wp-json/wp/v2/media/55265",
                    },
                  ],
                },
                "alt_text": "",
                "author": 111171,
                "caption": Object {
                  "rendered": "",
                },
                "date": "2016-10-22T17:20:31",
                "id": 55265,
                "link": "https://www.rebelgamer.de/2016/10/battlefield-1-im-test-das-actionreichste-battlefield-aller-zeiten/55256/battlefield-1_titel",
                "media_details": Object {
                  "file": "2016/10/Battlefield-1_Titel.jpg",
                  "height": 499,
                  "image_meta": Object {
                    "aperture": "0",
                    "camera": "",
                    "caption": "",
                    "copyright": "",
                    "created_timestamp": "0",
                    "credit": "",
                    "focal_length": "0",
                    "iso": "0",
                    "keywords": Array [],
                    "orientation": "0",
                    "shutter_speed": "0",
                    "title": "",
                  },
                  "sizes": Object {
                    "bimber-grid-2of3": Object {
                      "file": "Battlefield-1_Titel-758x449.jpg",
                      "height": 449,
                      "mime_type": "image/jpeg",
                      "source_url": "https://i0.wp.com/www.rebelgamer.de/wp-content/uploads/2016/10/Battlefield-1_Titel.jpg?fit=758%2C449&ssl=1",
                      "width": 758,
                    },
                    "bimber-grid-fancy": Object {
                      "file": "Battlefield-1_Titel-364x156.jpg",
                      "height": 156,
                      "mime_type": "image/jpeg",
                      "source_url": "https://i0.wp.com/www.rebelgamer.de/wp-content/uploads/2016/10/Battlefield-1_Titel.jpg?resize=364%2C156&ssl=1",
                      "width": 364,
                    },
                    "bimber-grid-standard": Object {
                      "file": "Battlefield-1_Titel-364x205.jpg",
                      "height": 205,
                      "mime_type": "image/jpeg",
                      "source_url": "https://i0.wp.com/www.rebelgamer.de/wp-content/uploads/2016/10/Battlefield-1_Titel.jpg?resize=364%2C205&ssl=1",
                      "width": 364,
                    },
                    "bimber-grid-xs": Object {
                      "file": "Battlefield-1_Titel-192x96.jpg",
                      "height": 96,
                      "mime_type": "image/jpeg",
                      "source_url": "https://i0.wp.com/www.rebelgamer.de/wp-content/uploads/2016/10/Battlefield-1_Titel.jpg?resize=192%2C96&ssl=1",
                      "width": 192,
                    },
                    "bimber-list-fancy": Object {
                      "file": "Battlefield-1_Titel-364x156.jpg",
                      "height": 156,
                      "mime_type": "image/jpeg",
                      "source_url": "https://i0.wp.com/www.rebelgamer.de/wp-content/uploads/2016/10/Battlefield-1_Titel.jpg?resize=364%2C156&ssl=1",
                      "width": 364,
                    },
                    "bimber-list-standard": Object {
                      "file": "Battlefield-1_Titel-364x205.jpg",
                      "height": 205,
                      "mime_type": "image/jpeg",
                      "source_url": "https://i0.wp.com/www.rebelgamer.de/wp-content/uploads/2016/10/Battlefield-1_Titel.jpg?resize=364%2C205&ssl=1",
                      "width": 364,
                    },
                    "bimber-tile": Object {
                      "file": "Battlefield-1_Titel-758x426.jpg",
                      "height": 426,
                      "mime_type": "image/jpeg",
                      "source_url": "https://i0.wp.com/www.rebelgamer.de/wp-content/uploads/2016/10/Battlefield-1_Titel.jpg?resize=758%2C426&ssl=1",
                      "width": 758,
                    },
                    "full": Object {
                      "file": "Battlefield-1_Titel.jpg?fit=843%2C499&ssl=1",
                      "height": 499,
                      "mime_type": "image/jpeg",
                      "source_url": "https://i0.wp.com/www.rebelgamer.de/wp-content/uploads/2016/10/Battlefield-1_Titel.jpg?fit=843%2C499&ssl=1",
                      "width": 843,
                    },
                    "medium_large": Object {
                      "file": "Battlefield-1_Titel-768x455.jpg",
                      "height": 455,
                      "mime_type": "image/jpeg",
                      "source_url": "https://www.rebelgamer.de/wp-content/uploads/2016/10/Battlefield-1_Titel-768x455.jpg",
                      "width": 768,
                    },
                    "thumbnail": Object {
                      "file": "Battlefield-1_Titel-276x184.jpg",
                      "height": 184,
                      "mime_type": "image/jpeg",
                      "source_url": "https://i0.wp.com/www.rebelgamer.de/wp-content/uploads/2016/10/Battlefield-1_Titel.jpg?resize=276%2C184&ssl=1",
                      "width": 276,
                    },
                    "two-thirds-wide-slider-img": Object {
                      "file": "Battlefield-1_Titel-400x236.jpg",
                      "height": 236,
                      "mime_type": "image/jpeg",
                      "source_url": "https://www.rebelgamer.de/wp-content/uploads/2016/10/Battlefield-1_Titel-400x236.jpg",
                      "width": 400,
                    },
                    "wptouch-new-thumbnail": Object {
                      "file": "Battlefield-1_Titel-144x144.jpg",
                      "height": 144,
                      "mime_type": "image/jpeg",
                      "source_url": "https://www.rebelgamer.de/wp-content/uploads/2016/10/Battlefield-1_Titel-144x144.jpg",
                      "width": 144,
                    },
                  },
                  "width": 843,
                },
                "media_type": "image",
                "mime_type": "image/jpeg",
                "slug": "battlefield-1_titel",
                "source_url": "https://www.rebelgamer.de/wp-content/uploads/2016/10/Battlefield-1_Titel.jpg",
                "title": Object {
                  "rendered": "battlefield-1_titel",
                },
                "type": "attachment",
              },
            ],
            "wp:term": Array [
              Array [
                Object {
                  "_links": Object {
                    "about": Array [
                      Object {
                        "href": "https://www.rebelgamer.de/wp-json/wp/v2/taxonomies/category",
                      },
                    ],
                    "collection": Array [
                      Object {
                        "href": "https://www.rebelgamer.de/wp-json/wp/v2/categories",
                      },
                    ],
                    "curies": Array [
                      Object {
                        "href": "https://api.w.org/{rel}",
                        "name": "wp",
                        "templated": true,
                      },
                    ],
                    "self": Array [
                      Object {
                        "href": "https://www.rebelgamer.de/wp-json/wp/v2/categories/6624",
                      },
                    ],
                    "wp:post_type": Array [
                      Object {
                        "href": "https://www.rebelgamer.de/wp-json/wp/v2/posts?categories=6624",
                      },
                    ],
                  },
                  "id": 6624,
                  "link": "https://www.rebelgamer.de/category/action",
                  "name": "Action",
                  "slug": "action",
                  "taxonomy": "category",
                },
              ],
              Array [
                Object {
                  "_links": Object {
                    "about": Array [
                      Object {
                        "href": "https://www.rebelgamer.de/wp-json/wp/v2/taxonomies/post_tag",
                      },
                    ],
                    "collection": Array [
                      Object {
                        "href": "https://www.rebelgamer.de/wp-json/wp/v2/tags",
                      },
                    ],
                    "curies": Array [
                      Object {
                        "href": "https://api.w.org/{rel}",
                        "name": "wp",
                        "templated": true,
                      },
                    ],
                    "self": Array [
                      Object {
                        "href": "https://www.rebelgamer.de/wp-json/wp/v2/tags/7017",
                      },
                    ],
                    "wp:post_type": Array [
                      Object {
                        "href": "https://www.rebelgamer.de/wp-json/wp/v2/posts?tags=7017",
                      },
                    ],
                  },
                  "id": 7017,
                  "link": "https://www.rebelgamer.de/tag/battlefield-1",
                  "name": "Battlefield 1",
                  "slug": "battlefield-1",
                  "taxonomy": "post_tag",
                },
                Object {
                  "_links": Object {
                    "about": Array [
                      Object {
                        "href": "https://www.rebelgamer.de/wp-json/wp/v2/taxonomies/post_tag",
                      },
                    ],
                    "collection": Array [
                      Object {
                        "href": "https://www.rebelgamer.de/wp-json/wp/v2/tags",
                      },
                    ],
                    "curies": Array [
                      Object {
                        "href": "https://api.w.org/{rel}",
                        "name": "wp",
                        "templated": true,
                      },
                    ],
                    "self": Array [
                      Object {
                        "href": "https://www.rebelgamer.de/wp-json/wp/v2/tags/73",
                      },
                    ],
                    "wp:post_type": Array [
                      Object {
                        "href": "https://www.rebelgamer.de/wp-json/wp/v2/posts?tags=73",
                      },
                    ],
                  },
                  "id": 73,
                  "link": "https://www.rebelgamer.de/tag/ego-shooter",
                  "name": "Ego-Shooter",
                  "slug": "ego-shooter",
                  "taxonomy": "post_tag",
                },
                Object {
                  "_links": Object {
                    "about": Array [
                      Object {
                        "href": "https://www.rebelgamer.de/wp-json/wp/v2/taxonomies/post_tag",
                      },
                    ],
                    "collection": Array [
                      Object {
                        "href": "https://www.rebelgamer.de/wp-json/wp/v2/tags",
                      },
                    ],
                    "curies": Array [
                      Object {
                        "href": "https://api.w.org/{rel}",
                        "name": "wp",
                        "templated": true,
                      },
                    ],
                    "self": Array [
                      Object {
                        "href": "https://www.rebelgamer.de/wp-json/wp/v2/tags/515",
                      },
                    ],
                    "wp:post_type": Array [
                      Object {
                        "href": "https://www.rebelgamer.de/wp-json/wp/v2/posts?tags=515",
                      },
                    ],
                  },
                  "id": 515,
                  "link": "https://www.rebelgamer.de/tag/pc",
                  "name": "PC",
                  "slug": "pc",
                  "taxonomy": "post_tag",
                },
                Object {
                  "_links": Object {
                    "about": Array [
                      Object {
                        "href": "https://www.rebelgamer.de/wp-json/wp/v2/taxonomies/post_tag",
                      },
                    ],
                    "collection": Array [
                      Object {
                        "href": "https://www.rebelgamer.de/wp-json/wp/v2/tags",
                      },
                    ],
                    "curies": Array [
                      Object {
                        "href": "https://api.w.org/{rel}",
                        "name": "wp",
                        "templated": true,
                      },
                    ],
                    "self": Array [
                      Object {
                        "href": "https://www.rebelgamer.de/wp-json/wp/v2/tags/1855",
                      },
                    ],
                    "wp:post_type": Array [
                      Object {
                        "href": "https://www.rebelgamer.de/wp-json/wp/v2/posts?tags=1855",
                      },
                    ],
                  },
                  "id": 1855,
                  "link": "https://www.rebelgamer.de/tag/ps4",
                  "name": "PS4",
                  "slug": "ps4",
                  "taxonomy": "post_tag",
                },
                Object {
                  "_links": Object {
                    "about": Array [
                      Object {
                        "href": "https://www.rebelgamer.de/wp-json/wp/v2/taxonomies/post_tag",
                      },
                    ],
                    "collection": Array [
                      Object {
                        "href": "https://www.rebelgamer.de/wp-json/wp/v2/tags",
                      },
                    ],
                    "curies": Array [
                      Object {
                        "href": "https://api.w.org/{rel}",
                        "name": "wp",
                        "templated": true,
                      },
                    ],
                    "self": Array [
                      Object {
                        "href": "https://www.rebelgamer.de/wp-json/wp/v2/tags/2486",
                      },
                    ],
                    "wp:post_type": Array [
                      Object {
                        "href": "https://www.rebelgamer.de/wp-json/wp/v2/posts?tags=2486",
                      },
                    ],
                  },
                  "id": 2486,
                  "link": "https://www.rebelgamer.de/tag/xbox-one",
                  "name": "Xbox One",
                  "slug": "xbox-one",
                  "taxonomy": "post_tag",
                },
              ],
            ],
          },
          "_links": Object {
            "about": Array [
              Object {
                "href": "https://www.rebelgamer.de/wp-json/wp/v2/types/post",
              },
            ],
            "author": Array [
              Object {
                "embeddable": true,
                "href": "https://www.rebelgamer.de/wp-json/wp/v2/users/6",
              },
            ],
            "collection": Array [
              Object {
                "href": "https://www.rebelgamer.de/wp-json/wp/v2/posts",
              },
            ],
            "curies": Array [
              Object {
                "href": "https://api.w.org/{rel}",
                "name": "wp",
                "templated": true,
              },
            ],
            "replies": Array [
              Object {
                "embeddable": true,
                "href": "https://www.rebelgamer.de/wp-json/wp/v2/comments?post=67931",
              },
            ],
            "self": Array [
              Object {
                "href": "https://www.rebelgamer.de/wp-json/wp/v2/posts/67931",
              },
            ],
            "version-history": Array [
              Object {
                "href": "https://www.rebelgamer.de/wp-json/wp/v2/posts/67931/revisions",
              },
            ],
            "wp:attachment": Array [
              Object {
                "href": "https://www.rebelgamer.de/wp-json/wp/v2/media?parent=67931",
              },
            ],
            "wp:featuredmedia": Array [
              Object {
                "embeddable": true,
                "href": "https://www.rebelgamer.de/wp-json/wp/v2/media/55265",
              },
            ],
            "wp:term": Array [
              Object {
                "embeddable": true,
                "href": "https://www.rebelgamer.de/wp-json/wp/v2/categories?post=67931",
                "taxonomy": "category",
              },
              Object {
                "embeddable": true,
                "href": "https://www.rebelgamer.de/wp-json/wp/v2/tags?post=67931",
                "taxonomy": "post_tag",
              },
            ],
          },
          "author": 6,
          "categories": Array [
            6624,
          ],
          "comment_status": "open",
          "content": Object {
            "protected": false,
            "rendered": "Content 1",
          },
          "date": "2018-04-25T18:36:02",
          "date_gmt": "2018-04-25T16:36:02",
          "excerpt": Object {
            "protected": false,
            "rendered": "Content 1",
          },
          "featured_media": 55265,
          "format": "standard",
          "guid": Object {
            "rendered": "http://www.rebelgamer.de/?p=67931",
          },
          "id": 67931,
          "link": "https://www.rebelgamer.de/2018/04/dice-beendet-den-monatlichen-support-fuer-battlefield-1-im-juni-2018/67931",
          "meta": Object {
            "amp_status": "",
          },
          "modified": "2018-04-25T13:46:29",
          "modified_gmt": "2018-04-25T11:46:29",
          "ping_status": "closed",
          "slug": "dice-beendet-den-monatlichen-support-fuer-battlefield-1-im-juni-2018",
          "status": "publish",
          "sticky": false,
          "tags": Array [
            7017,
            73,
            515,
            1855,
            2486,
          ],
          "template": "",
          "title": Object {
            "rendered": "DICE beendet den monatlichen Support fuer Battlefield 1 im Juni 2018",
          },
          "type": "post",
        },
      ]
    }
    disableVirtualization={false}
    getItem={[Function]}
    getItemCount={[Function]}
    horizontal={false}
    initialNumToRender={10}
    keyExtractor={[Function]}
    maxToRenderPerBatch={10}
    numColumns={1}
    onContentSizeChange={[Function]}
    onEndReachedThreshold={2}
    onLayout={[Function]}
    onMomentumScrollEnd={[Function]}
    onRefresh={[MockFunction]}
    onScroll={[Function]}
    onScrollBeginDrag={[Function]}
    onScrollEndDrag={[Function]}
    refreshControl={
      <RefreshControlMock
        onRefresh={[MockFunction]}
        refreshing={true}
      />
    }
    refreshing={true}
    removeClippedSubviews={false}
    renderItem={[Function]}
    scrollEventThrottle={50}
    stickyHeaderIndices={Array []}
    updateCellsBatchingPeriod={50}
    viewabilityConfigCallbackPairs={Array []}
    windowSize={21}
  >
    <RCTRefreshControl />
    <View>
      <View
        onLayout={[Function]}
        style={null}
      >
        <View
          accessible={true}
          isTVSelectable={true}
          onResponderGrant={[Function]}
          onResponderMove={[Function]}
          onResponderRelease={[Function]}
          onResponderTerminate={[Function]}
          onResponderTerminationRequest={[Function]}
          onStartShouldSetResponder={[Function]}
          style={null}
        >
          <View
            article={
              Object {
                "_embedded": Object {
                  "author": Array [
                    Object {
                      "_links": Object {
                        "collection": Array [
                          Object {
                            "href": "https://www.rebelgamer.de/wp-json/wp/v2/users",
                          },
                        ],
                        "self": Array [
                          Object {
                            "href": "https://www.rebelgamer.de/wp-json/wp/v2/users/6",
                          },
                        ],
                      },
                      "avatar_urls": Object {
                        "24": "https://secure.gravatar.com/avatar/49aa1505ab6fe29ed46bbd68b817548a?s=24&d=mm&r=g",
                        "48": "https://secure.gravatar.com/avatar/49aa1505ab6fe29ed46bbd68b817548a?s=48&d=mm&r=g",
                        "96": "https://secure.gravatar.com/avatar/49aa1505ab6fe29ed46bbd68b817548a?s=96&d=mm&r=g",
                      },
                      "description": "Wenn Du es machst, dann mach es cool!",
                      "id": 6,
                      "link": "https://www.rebelgamer.de/author/florian",
                      "name": "Flo",
                      "slug": "florian",
                      "url": "http://www.rebelgamer.de/members/florian/",
                    },
                  ],
                  "wp:featuredmedia": Array [
                    Object {
                      "_links": Object {
                        "about": Array [
                          Object {
                            "href": "https://www.rebelgamer.de/wp-json/wp/v2/types/attachment",
                          },
                        ],
                        "author": Array [
                          Object {
                            "embeddable": true,
                            "href": "https://www.rebelgamer.de/wp-json/wp/v2/users/111171",
                          },
                        ],
                        "collection": Array [
                          Object {
                            "href": "https://www.rebelgamer.de/wp-json/wp/v2/media",
                          },
                        ],
                        "replies": Array [
                          Object {
                            "embeddable": true,
                            "href": "https://www.rebelgamer.de/wp-json/wp/v2/comments?post=55265",
                          },
                        ],
                        "self": Array [
                          Object {
                            "href": "https://www.rebelgamer.de/wp-json/wp/v2/media/55265",
                          },
                        ],
                      },
                      "alt_text": "",
                      "author": 111171,
                      "caption": Object {
                        "rendered": "",
                      },
                      "date": "2016-10-22T17:20:31",
                      "id": 55265,
                      "link": "https://www.rebelgamer.de/2016/10/battlefield-1-im-test-das-actionreichste-battlefield-aller-zeiten/55256/battlefield-1_titel",
                      "media_details": Object {
                        "file": "2016/10/Battlefield-1_Titel.jpg",
                        "height": 499,
                        "image_meta": Object {
                          "aperture": "0",
                          "camera": "",
                          "caption": "",
                          "copyright": "",
                          "created_timestamp": "0",
                          "credit": "",
                          "focal_length": "0",
                          "iso": "0",
                          "keywords": Array [],
                          "orientation": "0",
                          "shutter_speed": "0",
                          "title": "",
                        },
                        "sizes": Object {
                          "bimber-grid-2of3": Object {
                            "file": "Battlefield-1_Titel-758x449.jpg",
                            "height": 449,
                            "mime_type": "image/jpeg",
                            "source_url": "https://i0.wp.com/www.rebelgamer.de/wp-content/uploads/2016/10/Battlefield-1_Titel.jpg?fit=758%2C449&ssl=1",
                            "width": 758,
                          },
                          "bimber-grid-fancy": Object {
                            "file": "Battlefield-1_Titel-364x156.jpg",
                            "height": 156,
                            "mime_type": "image/jpeg",
                            "source_url": "https://i0.wp.com/www.rebelgamer.de/wp-content/uploads/2016/10/Battlefield-1_Titel.jpg?resize=364%2C156&ssl=1",
                            "width": 364,
                          },
                          "bimber-grid-standard": Object {
                            "file": "Battlefield-1_Titel-364x205.jpg",
                            "height": 205,
                            "mime_type": "image/jpeg",
                            "source_url": "https://i0.wp.com/www.rebelgamer.de/wp-content/uploads/2016/10/Battlefield-1_Titel.jpg?resize=364%2C205&ssl=1",
                            "width": 364,
                          },
                          "bimber-grid-xs": Object {
                            "file": "Battlefield-1_Titel-192x96.jpg",
                            "height": 96,
                            "mime_type": "image/jpeg",
                            "source_url": "https://i0.wp.com/www.rebelgamer.de/wp-content/uploads/2016/10/Battlefield-1_Titel.jpg?resize=192%2C96&ssl=1",
                            "width": 192,
                          },
                          "bimber-list-fancy": Object {
                            "file": "Battlefield-1_Titel-364x156.jpg",
                            "height": 156,
                            "mime_type": "image/jpeg",
                            "source_url": "https://i0.wp.com/www.rebelgamer.de/wp-content/uploads/2016/10/Battlefield-1_Titel.jpg?resize=364%2C156&ssl=1",
                            "width": 364,
                          },
                          "bimber-list-standard": Object {
                            "file": "Battlefield-1_Titel-364x205.jpg",
                            "height": 205,
                            "mime_type": "image/jpeg",
                            "source_url": "https://i0.wp.com/www.rebelgamer.de/wp-content/uploads/2016/10/Battlefield-1_Titel.jpg?resize=364%2C205&ssl=1",
                            "width": 364,
                          },
                          "bimber-tile": Object {
                            "file": "Battlefield-1_Titel-758x426.jpg",
                            "height": 426,
                            "mime_type": "image/jpeg",
                            "source_url": "https://i0.wp.com/www.rebelgamer.de/wp-content/uploads/2016/10/Battlefield-1_Titel.jpg?resize=758%2C426&ssl=1",
                            "width": 758,
                          },
                          "full": Object {
                            "file": "Battlefield-1_Titel.jpg?fit=843%2C499&ssl=1",
                            "height": 499,
                            "mime_type": "image/jpeg",
                            "source_url": "https://i0.wp.com/www.rebelgamer.de/wp-content/uploads/2016/10/Battlefield-1_Titel.jpg?fit=843%2C499&ssl=1",
                            "width": 843,
                          },
                          "medium_large": Object {
                            "file": "Battlefield-1_Titel-768x455.jpg",
                            "height": 455,
                            "mime_type": "image/jpeg",
                            "source_url": "https://www.rebelgamer.de/wp-content/uploads/2016/10/Battlefield-1_Titel-768x455.jpg",
                            "width": 768,
                          },
                          "thumbnail": Object {
                            "file": "Battlefield-1_Titel-276x184.jpg",
                            "height": 184,
                            "mime_type": "image/jpeg",
                            "source_url": "https://i0.wp.com/www.rebelgamer.de/wp-content/uploads/2016/10/Battlefield-1_Titel.jpg?resize=276%2C184&ssl=1",
                            "width": 276,
                          },
                          "two-thirds-wide-slider-img": Object {
                            "file": "Battlefield-1_Titel-400x236.jpg",
                            "height": 236,
                            "mime_type": "image/jpeg",
                            "source_url": "https://www.rebelgamer.de/wp-content/uploads/2016/10/Battlefield-1_Titel-400x236.jpg",
                            "width": 400,
                          },
                          "wptouch-new-thumbnail": Object {
                            "file": "Battlefield-1_Titel-144x144.jpg",
                            "height": 144,
                            "mime_type": "image/jpeg",
                            "source_url": "https://www.rebelgamer.de/wp-content/uploads/2016/10/Battlefield-1_Titel-144x144.jpg",
                            "width": 144,
                          },
                        },
                        "width": 843,
                      },
                      "media_type": "image",
                      "mime_type": "image/jpeg",
                      "slug": "battlefield-1_titel",
                      "source_url": "https://www.rebelgamer.de/wp-content/uploads/2016/10/Battlefield-1_Titel.jpg",
                      "title": Object {
                        "rendered": "battlefield-1_titel",
                      },
                      "type": "attachment",
                    },
                  ],
                  "wp:term": Array [
                    Array [
                      Object {
                        "_links": Object {
                          "about": Array [
                            Object {
                              "href": "https://www.rebelgamer.de/wp-json/wp/v2/taxonomies/category",
                            },
                          ],
                          "collection": Array [
                            Object {
                              "href": "https://www.rebelgamer.de/wp-json/wp/v2/categories",
                            },
                          ],
                          "curies": Array [
                            Object {
                              "href": "https://api.w.org/{rel}",
                              "name": "wp",
                              "templated": true,
                            },
                          ],
                          "self": Array [
                            Object {
                              "href": "https://www.rebelgamer.de/wp-json/wp/v2/categories/6624",
                            },
                          ],
                          "wp:post_type": Array [
                            Object {
                              "href": "https://www.rebelgamer.de/wp-json/wp/v2/posts?categories=6624",
                            },
                          ],
                        },
                        "id": 6624,
                        "link": "https://www.rebelgamer.de/category/action",
                        "name": "Action",
                        "slug": "action",
                        "taxonomy": "category",
                      },
                    ],
                    Array [
                      Object {
                        "_links": Object {
                          "about": Array [
                            Object {
                              "href": "https://www.rebelgamer.de/wp-json/wp/v2/taxonomies/post_tag",
                            },
                          ],
                          "collection": Array [
                            Object {
                              "href": "https://www.rebelgamer.de/wp-json/wp/v2/tags",
                            },
                          ],
                          "curies": Array [
                            Object {
                              "href": "https://api.w.org/{rel}",
                              "name": "wp",
                              "templated": true,
                            },
                          ],
                          "self": Array [
                            Object {
                              "href": "https://www.rebelgamer.de/wp-json/wp/v2/tags/7017",
                            },
                          ],
                          "wp:post_type": Array [
                            Object {
                              "href": "https://www.rebelgamer.de/wp-json/wp/v2/posts?tags=7017",
                            },
                          ],
                        },
                        "id": 7017,
                        "link": "https://www.rebelgamer.de/tag/battlefield-1",
                        "name": "Battlefield 1",
                        "slug": "battlefield-1",
                        "taxonomy": "post_tag",
                      },
                      Object {
                        "_links": Object {
                          "about": Array [
                            Object {
                              "href": "https://www.rebelgamer.de/wp-json/wp/v2/taxonomies/post_tag",
                            },
                          ],
                          "collection": Array [
                            Object {
                              "href": "https://www.rebelgamer.de/wp-json/wp/v2/tags",
                            },
                          ],
                          "curies": Array [
                            Object {
                              "href": "https://api.w.org/{rel}",
                              "name": "wp",
                              "templated": true,
                            },
                          ],
                          "self": Array [
                            Object {
                              "href": "https://www.rebelgamer.de/wp-json/wp/v2/tags/73",
                            },
                          ],
                          "wp:post_type": Array [
                            Object {
                              "href": "https://www.rebelgamer.de/wp-json/wp/v2/posts?tags=73",
                            },
                          ],
                        },
                        "id": 73,
                        "link": "https://www.rebelgamer.de/tag/ego-shooter",
                        "name": "Ego-Shooter",
                        "slug": "ego-shooter",
                        "taxonomy": "post_tag",
                      },
                      Object {
                        "_links": Object {
                          "about": Array [
                            Object {
                              "href": "https://www.rebelgamer.de/wp-json/wp/v2/taxonomies/post_tag",
                            },
                          ],
                          "collection": Array [
                            Object {
                              "href": "https://www.rebelgamer.de/wp-json/wp/v2/tags",
                            },
                          ],
                          "curies": Array [
                            Object {
                              "href": "https://api.w.org/{rel}",
                              "name": "wp",
                              "templated": true,
                            },
                          ],
                          "self": Array [
                            Object {
                              "href": "https://www.rebelgamer.de/wp-json/wp/v2/tags/515",
                            },
                          ],
                          "wp:post_type": Array [
                            Object {
                              "href": "https://www.rebelgamer.de/wp-json/wp/v2/posts?tags=515",
                            },
                          ],
                        },
                        "id": 515,
                        "link": "https://www.rebelgamer.de/tag/pc",
                        "name": "PC",
                        "slug": "pc",
                        "taxonomy": "post_tag",
                      },
                      Object {
                        "_links": Object {
                          "about": Array [
                            Object {
                              "href": "https://www.rebelgamer.de/wp-json/wp/v2/taxonomies/post_tag",
                            },
                          ],
                          "collection": Array [
                            Object {
                              "href": "https://www.rebelgamer.de/wp-json/wp/v2/tags",
                            },
                          ],
                          "curies": Array [
                            Object {
                              "href": "https://api.w.org/{rel}",
                              "name": "wp",
                              "templated": true,
                            },
                          ],
                          "self": Array [
                            Object {
                              "href": "https://www.rebelgamer.de/wp-json/wp/v2/tags/1855",
                            },
                          ],
                          "wp:post_type": Array [
                            Object {
                              "href": "https://www.rebelgamer.de/wp-json/wp/v2/posts?tags=1855",
                            },
                          ],
                        },
                        "id": 1855,
                        "link": "https://www.rebelgamer.de/tag/ps4",
                        "name": "PS4",
                        "slug": "ps4",
                        "taxonomy": "post_tag",
                      },
                      Object {
                        "_links": Object {
                          "about": Array [
                            Object {
                              "href": "https://www.rebelgamer.de/wp-json/wp/v2/taxonomies/post_tag",
                            },
                          ],
                          "collection": Array [
                            Object {
                              "href": "https://www.rebelgamer.de/wp-json/wp/v2/tags",
                            },
                          ],
                          "curies": Array [
                            Object {
                              "href": "https://api.w.org/{rel}",
                              "name": "wp",
                              "templated": true,
                            },
                          ],
                          "self": Array [
                            Object {
                              "href": "https://www.rebelgamer.de/wp-json/wp/v2/tags/2486",
                            },
                          ],
                          "wp:post_type": Array [
                            Object {
                              "href": "https://www.rebelgamer.de/wp-json/wp/v2/posts?tags=2486",
                            },
                          ],
                        },
                        "id": 2486,
                        "link": "https://www.rebelgamer.de/tag/xbox-one",
                        "name": "Xbox One",
                        "slug": "xbox-one",
                        "taxonomy": "post_tag",
                      },
                    ],
                  ],
                },
                "_links": Object {
                  "about": Array [
                    Object {
                      "href": "https://www.rebelgamer.de/wp-json/wp/v2/types/post",
                    },
                  ],
                  "author": Array [
                    Object {
                      "embeddable": true,
                      "href": "https://www.rebelgamer.de/wp-json/wp/v2/users/6",
                    },
                  ],
                  "collection": Array [
                    Object {
                      "href": "https://www.rebelgamer.de/wp-json/wp/v2/posts",
                    },
                  ],
                  "curies": Array [
                    Object {
                      "href": "https://api.w.org/{rel}",
                      "name": "wp",
                      "templated": true,
                    },
                  ],
                  "replies": Array [
                    Object {
                      "embeddable": true,
                      "href": "https://www.rebelgamer.de/wp-json/wp/v2/comments?post=67931",
                    },
                  ],
                  "self": Array [
                    Object {
                      "href": "https://www.rebelgamer.de/wp-json/wp/v2/posts/67931",
                    },
                  ],
                  "version-history": Array [
                    Object {
                      "href": "https://www.rebelgamer.de/wp-json/wp/v2/posts/67931/revisions",
                    },
                  ],
                  "wp:attachment": Array [
                    Object {
                      "href": "https://www.rebelgamer.de/wp-json/wp/v2/media?parent=67931",
                    },
                  ],
                  "wp:featuredmedia": Array [
                    Object {
                      "embeddable": true,
                      "href": "https://www.rebelgamer.de/wp-json/wp/v2/media/55265",
                    },
                  ],
                  "wp:term": Array [
                    Object {
                      "embeddable": true,
                      "href": "https://www.rebelgamer.de/wp-json/wp/v2/categories?post=67931",
                      "taxonomy": "category",
                    },
                    Object {
                      "embeddable": true,
                      "href": "https://www.rebelgamer.de/wp-json/wp/v2/tags?post=67931",
                      "taxonomy": "post_tag",
                    },
                  ],
                },
                "author": 6,
                "categories": Array [
                  6624,
                ],
                "comment_status": "open",
                "content": Object {
                  "protected": false,
                  "rendered": "Content 1",
                },
                "date": "2018-04-25T18:36:02",
                "date_gmt": "2018-04-25T16:36:02",
                "excerpt": Object {
                  "protected": false,
                  "rendered": "Content 1",
                },
                "featured_media": 55265,
                "format": "standard",
                "guid": Object {
                  "rendered": "http://www.rebelgamer.de/?p=67931",
                },
                "id": 67931,
                "link": "https://www.rebelgamer.de/2018/04/dice-beendet-den-monatlichen-support-fuer-battlefield-1-im-juni-2018/67931",
                "meta": Object {
                  "amp_status": "",
                },
                "modified": "2018-04-25T13:46:29",
                "modified_gmt": "2018-04-25T11:46:29",
                "ping_status": "closed",
                "slug": "dice-beendet-den-monatlichen-support-fuer-battlefield-1-im-juni-2018",
                "status": "publish",
                "sticky": false,
                "tags": Array [
                  7017,
                  73,
                  515,
                  1855,
                  2486,
                ],
                "template": "",
                "title": Object {
                  "rendered": "DICE beendet den monatlichen Support fuer Battlefield 1 im Juni 2018",
                },
                "type": "post",
              }
            }
            style={null}
          >
            <Image
              source={
                Object {
                  "uri": "https://www.rebelgamer.de/wp-content/uploads/2016/10/Battlefield-1_Titel.jpg",
                }
              }
              style={
                Object {
                  "height": 400,
                  "marginBottom": 5,
                  "width": 750,
                }
              }
            />
            <Text
              style={
                Object {
                  "color": "black",
                  "fontSize": 30,
                  "fontWeight": "bold",
                  "marginHorizontal": 10,
                  "textAlign": "center",
                }
              }
            >
              DICE beendet den monatlichen Support fuer Battlefield 1 im Juni 2018
            </Text>
            <Text
              style={
                Object {
                  "fontSize": 15,
                  "margin": 10,
                }
              }
            >
              Am April 25, 2018
            </Text>
          </View>
        </View>
      </View>
      <View
        onLayout={[Function]}
      >
        <View>
          <View
            style={
              Object {
                "backgroundColor": "#CED0CE",
                "height": 1,
                "marginLeft": 10,
                "marginRight": 10,
                "marginTop": 10,
              }
            }
          />
          <View
            accessibilityRole="button"
            accessibilityStates={Array []}
            accessible={true}
            isTVSelectable={true}
            onResponderGrant={[Function]}
            onResponderMove={[Function]}
            onResponderRelease={[Function]}
            onResponderTerminate={[Function]}
            onResponderTerminationRequest={[Function]}
            onStartShouldSetResponder={[Function]}
            style={
              Object {
                "opacity": 1,
              }
            }
          >
            <View
              style={
                Array [
                  Object {},
                ]
              }
            >
              <Text
                style={
                  Array [
                    Object {
                      "color": "#007AFF",
                      "fontSize": 18,
                      "padding": 8,
                      "textAlign": "center",
                    },
                    Object {
                      "color": "#F44336",
                    },
                  ]
                }
              >
                Mehr Artikel laden
              </Text>
            </View>
          </View>
        </View>
      </View>
    </View>
  </RCTScrollView>
</View>
`;
