// Jest Snapshot v1, https://goo.gl/fbAQLP

exports[`renders correctly 1`] = `
<View
  article={
    Object {
      "_embedded": Object {
        "wp:featuredmedia": Array [
          Object {
            "source_url": "URL",
          },
        ],
      },
      "id": 124,
      "title": Object {
        "rendered": "title",
      },
    }
  }
>
  <Image
    source={
      Object {
        "uri": "URL",
      }
    }
    style={
      Object {
        "height": 400,
        "marginBottom": 5,
        "width": 750,
      }
    }
  />
  <Text
    style={
      Object {
        "color": "black",
        "fontSize": 30,
        "fontWeight": "bold",
        "marginHorizontal": 10,
        "textAlign": "center",
      }
    }
  >
    title
  </Text>
  <Text
    style={
      Object {
        "fontSize": 15,
        "margin": 10,
      }
    }
  >
    Vor kurzem
  </Text>
</View>
`;
